[2m1:05:33 PM[22m [36m[1m[vite][22m[39m [90m[2m(client)[22m[39m Re-optimizing dependencies because vite config has changed

  [32m[1mVITE[22m v8.1.5[39m  [2mready in [0m[1m4902[22m[2m[0m ms[22m

  [32m➜[39m  [1mLocal[22m:   [36mhttp://localhost:[1m5180[22m/[39m
[2m  [32m➜[39m  [1mNetwork[22m[2m: use [22m[1m--host[22m[2m to expose[22m
[2m1:05:34 PM[22m [36m[1m[vite][22m[39m [90m[2m(client)[22m[39m [optimizer] scanning dependencies...
[2m1:05:35 PM[22m [36m[1m[vite][22m[39m [90m[2m(client)[22m[39m [optimizer] bundling dependencies...
[2m1:06:17 PM[22m [36m[1m[vite][22m[39m [90m[2m(client)[22m[39m [32mhmr update [39m[2m/src/apps/people/PeopleApp.tsx, /src/index.css[22m
[2m1:06:18 PM[22m [36m[1m[vite][22m[39m [90m[2m(client)[22m[39m [32mhmr update [39m[2m/src/apps/finance/FinanceApp.tsx[22m
[2m1:06:18 PM[22m [36m[1m[vite][22m[39m [90m[2m(client)[22m[39m [32mhmr update [39m[2m/src/index.css[22m
[2m1:07:09 PM[22m [36m[1m[vite][22m[39m [90m[2m(client)[22m[39m [32mhmr update [39m[2m/src/apps/sales/SalesApp.tsx[22m
[2m1:07:09 PM[22m [36m[1m[vite][22m[39m [90m[2m(client)[22m[39m [32mhmr update [39m[2m/src/index.css[22m
[2m1:13:52 PM[22m [36m[1m[vite][22m[39m [90m[2m(client)[22m[39m [32mhmr update [39m[2m/src/apps/welcome/WelcomeApp.tsx, /src/index.css[22m
[2m1:15:42 PM[22m [36m[1m[vite][22m[39m [90m[2m(client)[22m[39m [32mhmr update [39m[2m/src/apps/welcome/WelcomeApp.tsx, /src/index.css[22m
[2m1:24:22 PM[22m [36m[1m[vite][22m[39m [90m[2m(client)[22m[39m [32mhmr update [39m[2m/src/index.css, /src/components/AppFrame.tsx[22m
[2m1:24:22 PM[22m [36m[1m[vite][22m[39m [90m[2m(client)[22m[39m [32mhmr update [39m[2m/src/apps/people/PeopleApp.tsx, /src/index.css[22m
[2m1:24:22 PM[22m [36m[1m[vite][22m[39m [90m[2m(client)[22m[39m [32mhmr update [39m[2m/src/index.css, /src/apps/people/PeopleApp.tsx[22m
[2m1:24:22 PM[22m [36m[1m[vite][22m[39m [90m[2m(client)[22m[39m [32mhmr update [39m[2m/src/index.css[22m
[2m1:35:45 PM[22m [36m[1m[vite][22m[39m [90m[2m(client)[22m[39m [32mhmr update [39m[2m/src/apps/people/PeopleApp.tsx, /src/index.css[22m
[2m2:46:33 PM[22m [31m[1m[vite][22m[39m [31m[2m(client)[22m[39m [2m[console.error] [22mReact has detected a change in the order of Hooks called by AppFrame. This will lead to bugs and errors if not fixed. For more information, read the Rules of Hooks: https://react.dev/link/rules-of-hooks

   Previous render            Next render
   ------------------------------------------------------
1. useState                   useState
2. useState                   useState
3. useState                   useState
4. useState                   useState
5. useRef                     useRef
6. useContext                 useContext
7. useCallback                useCallback
8. useCallback                useCallback
9. useSyncExternalStore       useSyncExternalStore
10. useDebugValue             useDebugValue
11. useCallback               useCallback
12. useCallback               useCallback
13. useSyncExternalStore      useSyncExternalStore
14. useDebugValue             useDebugValue
15. useEffect                 useEffect
16. useCallback               useCallback
17. useCallback               useCallback
18. useSyncExternalStore      useSyncExternalStore
19. useDebugValue             useDebugValue
20. useEffect                 useEffect
21. useCallback               useCallback
22. useCallback               useCallback
23. useSyncExternalStore      useSyncExternalStore
24. useDebugValue             useDebugValue
25. useCallback               useCallback
26. useCallback               useCallback
27. useSyncExternalStore      useSyncExternalStore
28. useDebugValue             useDebugValue
29. useEffect                 useEffect
30. useEffect                 useEffect
31. undefined                 useState
   ^^^^^^^^^^^^^^^^^^^^^^^^^^^^^^^^^^^^^^^^^^^^^^^^^^^^^^

[2m2:46:33 PM[22m [31m[1m[vite][22m[39m [31m[2m(client)[22m[39m [2m[console.error] [22mError: Rendered more hooks than during the previous render.
    at updateWorkInProgressHook (http://localhost:5180/node_modules/.vite/deps/react-dom_client.js?v=1b753d2f:4327:12)
    at updateReducer (http://localhost:5180/node_modules/.vite/deps/react-dom_client.js?v=1b753d2f:4418:29)
    at Object.useState (http://localhost:5180/node_modules/.vite/deps/react-dom_client.js?v=1b753d2f:13301:13)
    at exports.useState (http://localhost:5180/node_modules/.vite/deps/react.js?v=b04538de:748:31)
    at Object.Content [as render] (http://localhost:5180/src/apps/people/PeopleApp.tsx?t=1784914545241:859:30)
    at AppFrame (http://localhost:5180/src/components/AppFrame.tsx?t=1784913862512:407:23)
    at Object.react_stack_bottom_frame (http://localhost:5180/node_modules/.vite/deps/react-dom_client.js?v=1b753d2f:12866:12)
    at renderWithHooks (http://localhost:5180/node_modules/.vite/deps/react-dom_client.js?v=1b753d2f:4213:19)
    at updateFunctionComponent (http://localhost:5180/node_modules/.vite/deps/react-dom_client.js?v=1b753d2f:5569:16)
    at beginWork (http://localhost:5180/node_modules/.vite/deps/react-dom_client.js?v=1b753d2f:6140:20)

The above error occurred in the <AppFrame> component.

React will try to recreate this component tree from scratch using the error boundary you provided, ErrorBoundary.

[2m2:46:33 PM[22m [31m[1m[vite][22m[39m [31m[2m(client)[22m[39m [2m[console.error] [22mCitadelle app error: Error: Rendered more hooks than during the previous render.
    at updateWorkInProgressHook (http://localhost:5180/node_modules/.vite/deps/react-dom_client.js?v=1b753d2f:4327:12)
    at updateReducer (http://localhost:5180/node_modules/.vite/deps/react-dom_client.js?v=1b753d2f:4418:29)
    at Object.useState (http://localhost:5180/node_modules/.vite/deps/react-dom_client.js?v=1b753d2f:13301:13)
    at exports.useState (http://localhost:5180/node_modules/.vite/deps/react.js?v=b04538de:748:31)
    at Object.Content [as render] (http://localhost:5180/src/apps/people/PeopleApp.tsx?t=1784914545241:859:30)
    at AppFrame (http://localhost:5180/src/components/AppFrame.tsx?t=1784913862512:407:23)
    at Object.react_stack_bottom_frame (http://localhost:5180/node_modules/.vite/deps/react-dom_client.js?v=1b753d2f:12866:12)
    at renderWithHooks (http://localhost:5180/node_modules/.vite/deps/react-dom_client.js?v=1b753d2f:4213:19)
    at updateFunctionComponent (http://localhost:5180/node_modules/.vite/deps/react-dom_client.js?v=1b753d2f:5569:16)
    at beginWork (http://localhost:5180/node_modules/.vite/deps/react-dom_client.js?v=1b753d2f:6140:20) {"componentStack":"\n    at AppFrame (http://localhost:5180/src/components/AppFrame.tsx?t=1784913862512:27:28)\n    at PeopleApp (http://localhost:5180/src/apps/people/PeopleApp.tsx?t=1784914545241:1401:20)\n    at ErrorBoundary (http://localhost:5180/src/components/ErrorBoundary.tsx:8:3)\n    at div (<anonymous>)\n    at div (<anonymous>)\n    at div (<anonymous>)\n    at MotionDOMComponent (http://localhost:5180/node_modules/.vite/deps/motion_react.js?v=56dc7e67:10646:35)\n    at div (<anonymous>)\n    at WindowFrame (http://localhost:5180/src/components/WindowFrame.tsx:12:31)\n    at div (<anonymous>)\n    at PopChildMeasure (http://localhost:5180/node_modules/.vite/deps/motion_react.js?v=56dc7e67:9495:23)\n    at PopChild (http://localhost:5180/node_modules/.vite/deps/motion_react.js?v=56dc7e67:9522:21)\n    at PresenceChild (http://localhost:5180/node_modules/.vite/deps/motion_react.js?v=56dc7e67:9580:24)\n    at AnimatePresence (http://localhost:5180/node_modules/.vite/deps/motion_react.js?v=56dc7e67:9758:26)\n    at div (<anonymous>)\n    at div (<anonymous>)\n    at ViewportGuard (http://localhost:5180/src/components/ViewportGuard.tsx:8:33)\n    at Desktop (http://localhost:5180/src/components/Desktop.tsx:35:18)\n    at App (<anonymous>)"}
[2m4:44:31 AM[22m [36m[1m[vite][22m[39m [90m[2m(client)[22m[39m [32mhmr update [39m[2m/src/apps/people/PeopleApp.tsx, /src/index.css[22m
[2m4:44:51 AM[22m [36m[1m[vite][22m[39m [90m[2m(client)[22m[39m [32mhmr update [39m[2m/src/apps/people/PeopleApp.tsx, /src/index.css[22m
[2m4:45:03 AM[22m [36m[1m[vite][22m[39m [90m[2m(client)[22m[39m [32mhmr update [39m[2m/src/apps/people/PeopleApp.tsx, /src/index.css[22m
[2m4:57:00 AM[22m [31m[1m[vite][22m[39m [31m[2m(client)[22m[39m [2m[console.error] [22mReact has detected a change in the order of Hooks called by AppFrame. This will lead to bugs and errors if not fixed. For more information, read the Rules of Hooks: https://react.dev/link/rules-of-hooks

   Previous render            Next render
   ------------------------------------------------------
1. useState                   useState
2. useState                   useState
3. useState                   useState
4. useState                   useState
5. useRef                     useRef
6. useContext                 useContext
7. useCallback                useCallback
8. useCallback                useCallback
9. useSyncExternalStore       useSyncExternalStore
10. useDebugValue             useDebugValue
11. useCallback               useCallback
12. useCallback               useCallback
13. useSyncExternalStore      useSyncExternalStore
14. useDebugValue             useDebugValue
15. useEffect                 useEffect
16. useCallback               useCallback
17. useCallback               useCallback
18. useSyncExternalStore      useSyncExternalStore
19. useDebugValue             useDebugValue
20. useEffect                 useEffect
21. useCallback               useCallback
22. useCallback               useCallback
23. useSyncExternalStore      useSyncExternalStore
24. useDebugValue             useDebugValue
25. useCallback               useCallback
26. useCallback               useCallback
27. useSyncExternalStore      useSyncExternalStore
28. useDebugValue             useDebugValue
29. useEffect                 useEffect
30. useEffect                 useEffect
31. undefined                 useState
   ^^^^^^^^^^^^^^^^^^^^^^^^^^^^^^^^^^^^^^^^^^^^^^^^^^^^^^

[2m4:57:00 AM[22m [31m[1m[vite][22m[39m [31m[2m(client)[22m[39m [2m[console.error] [22mError: Rendered more hooks than during the previous render.
    at updateWorkInProgressHook (http://localhost:5180/node_modules/.vite/deps/react-dom_client.js?v=1b753d2f:4327:12)
    at updateReducer (http://localhost:5180/node_modules/.vite/deps/react-dom_client.js?v=1b753d2f:4418:29)
    at Object.useState (http://localhost:5180/node_modules/.vite/deps/react-dom_client.js?v=1b753d2f:13301:13)
    at exports.useState (http://localhost:5180/node_modules/.vite/deps/react.js?v=b04538de:748:31)
    at Object.Content [as render] (http://localhost:5180/src/apps/people/PeopleApp.tsx?t=1784969103138:873:30)
    at AppFrame (http://localhost:5180/src/components/AppFrame.tsx?t=1784913862512:407:23)
    at Object.react_stack_bottom_frame (http://localhost:5180/node_modules/.vite/deps/react-dom_client.js?v=1b753d2f:12866:12)
    at renderWithHooks (http://localhost:5180/node_modules/.vite/deps/react-dom_client.js?v=1b753d2f:4213:19)
    at updateFunctionComponent (http://localhost:5180/node_modules/.vite/deps/react-dom_client.js?v=1b753d2f:5569:16)
    at beginWork (http://localhost:5180/node_modules/.vite/deps/react-dom_client.js?v=1b753d2f:6140:20)

The above error occurred in the <AppFrame> component.

React will try to recreate this component tree from scratch using the error boundary you provided, ErrorBoundary.

[2m4:57:00 AM[22m [31m[1m[vite][22m[39m [31m[2m(client)[22m[39m [2m[console.error] [22mCitadelle app error: Error: Rendered more hooks than during the previous render.
    at updateWorkInProgressHook (http://localhost:5180/node_modules/.vite/deps/react-dom_client.js?v=1b753d2f:4327:12)
    at updateReducer (http://localhost:5180/node_modules/.vite/deps/react-dom_client.js?v=1b753d2f:4418:29)
    at Object.useState (http://localhost:5180/node_modules/.vite/deps/react-dom_client.js?v=1b753d2f:13301:13)
    at exports.useState (http://localhost:5180/node_modules/.vite/deps/react.js?v=b04538de:748:31)
    at Object.Content [as render] (http://localhost:5180/src/apps/people/PeopleApp.tsx?t=1784969103138:873:30)
    at AppFrame (http://localhost:5180/src/components/AppFrame.tsx?t=1784913862512:407:23)
    at Object.react_stack_bottom_frame (http://localhost:5180/node_modules/.vite/deps/react-dom_client.js?v=1b753d2f:12866:12)
    at renderWithHooks (http://localhost:5180/node_modules/.vite/deps/react-dom_client.js?v=1b753d2f:4213:19)
    at updateFunctionComponent (http://localhost:5180/node_modules/.vite/deps/react-dom_client.js?v=1b753d2f:5569:16)
    at beginWork (http://localhost:5180/node_modules/.vite/deps/react-dom_client.js?v=1b753d2f:6140:20) {"componentStack":"\n    at AppFrame (http://localhost:5180/src/components/AppFrame.tsx?t=1784913862512:27:28)\n    at PeopleApp (http://localhost:5180/src/apps/people/PeopleApp.tsx?t=1784969103138:1415:20)\n    at ErrorBoundary (http://localhost:5180/src/components/ErrorBoundary.tsx:8:3)\n    at div (<anonymous>)\n    at div (<anonymous>)\n    at div (<anonymous>)\n    at MotionDOMComponent (http://localhost:5180/node_modules/.vite/deps/motion_react.js?v=56dc7e67:10646:35)\n    at div (<anonymous>)\n    at WindowFrame (http://localhost:5180/src/components/WindowFrame.tsx:12:31)\n    at div (<anonymous>)\n    at PopChildMeasure (http://localhost:5180/node_modules/.vite/deps/motion_react.js?v=56dc7e67:9495:23)\n    at PopChild (http://localhost:5180/node_modules/.vite/deps/motion_react.js?v=56dc7e67:9522:21)\n    at PresenceChild (http://localhost:5180/node_modules/.vite/deps/motion_react.js?v=56dc7e67:9580:24)\n    at AnimatePresence (http://localhost:5180/node_modules/.vite/deps/motion_react.js?v=56dc7e67:9758:26)\n    at div (<anonymous>)\n    at div (<anonymous>)\n    at ViewportGuard (http://localhost:5180/src/components/ViewportGuard.tsx:8:33)\n    at Desktop (http://localhost:5180/src/components/Desktop.tsx:35:18)\n    at App (<anonymous>)"}
[2m4:59:17 AM[22m [31m[1m[vite][22m[39m [31m[2m(client)[22m[39m [2m[console.error] [22mReact has detected a change in the order of Hooks called by AppFrame. This will lead to bugs and errors if not fixed. For more information, read the Rules of Hooks: https://react.dev/link/rules-of-hooks

   Previous render            Next render
   ------------------------------------------------------
1. useState                   useState
2. useState                   useState
3. useState                   useState
4. useState                   useState
5. useRef                     useRef
6. useContext                 useContext
7. useCallback                useCallback
8. useCallback                useCallback
9. useSyncExternalStore       useSyncExternalStore
10. useDebugValue             useDebugValue
11. useCallback               useCallback
12. useCallback               useCallback
13. useSyncExternalStore      useSyncExternalStore
14. useDebugValue             useDebugValue
15. useEffect                 useEffect
16. useCallback               useCallback
17. useCallback               useCallback
18. useSyncExternalStore      useSyncExternalStore
19. useDebugValue             useDebugValue
20. useEffect                 useEffect
21. useCallback               useCallback
22. useCallback               useCallback
23. useSyncExternalStore      useSyncExternalStore
24. useDebugValue             useDebugValue
25. useCallback               useCallback
26. useCallback               useCallback
27. useSyncExternalStore      useSyncExternalStore
28. useDebugValue             useDebugValue
29. useEffect                 useEffect
30. useEffect                 useEffect
31. undefined                 useState
   ^^^^^^^^^^^^^^^^^^^^^^^^^^^^^^^^^^^^^^^^^^^^^^^^^^^^^^

[2m4:59:17 AM[22m [31m[1m[vite][22m[39m [31m[2m(client)[22m[39m [2m[console.error] [22mError: Rendered more hooks than during the previous render.
    at updateWorkInProgressHook (http://localhost:5180/node_modules/.vite/deps/react-dom_client.js?v=1b753d2f:4327:12)
    at updateReducer (http://localhost:5180/node_modules/.vite/deps/react-dom_client.js?v=1b753d2f:4418:29)
    at Object.useState (http://localhost:5180/node_modules/.vite/deps/react-dom_client.js?v=1b753d2f:13301:13)
    at exports.useState (http://localhost:5180/node_modules/.vite/deps/react.js?v=b04538de:748:31)
    at Object.Content [as render] (http://localhost:5180/src/apps/people/PeopleApp.tsx?t=1784969103138:873:30)
    at AppFrame (http://localhost:5180/src/components/AppFrame.tsx?t=1784913862512:407:23)
    at Object.react_stack_bottom_frame (http://localhost:5180/node_modules/.vite/deps/react-dom_client.js?v=1b753d2f:12866:12)
    at renderWithHooks (http://localhost:5180/node_modules/.vite/deps/react-dom_client.js?v=1b753d2f:4213:19)
    at updateFunctionComponent (http://localhost:5180/node_modules/.vite/deps/react-dom_client.js?v=1b753d2f:5569:16)
    at beginWork (http://localhost:5180/node_modules/.vite/deps/react-dom_client.js?v=1b753d2f:6140:20)

The above error occurred in the <AppFrame> component.

React will try to recreate this component tree from scratch using the error boundary you provided, ErrorBoundary.

[2m4:59:17 AM[22m [31m[1m[vite][22m[39m [31m[2m(client)[22m[39m [2m[console.error] [22mCitadelle app error: Error: Rendered more hooks than during the previous render.
    at updateWorkInProgressHook (http://localhost:5180/node_modules/.vite/deps/react-dom_client.js?v=1b753d2f:4327:12)
    at updateReducer (http://localhost:5180/node_modules/.vite/deps/react-dom_client.js?v=1b753d2f:4418:29)
    at Object.useState (http://localhost:5180/node_modules/.vite/deps/react-dom_client.js?v=1b753d2f:13301:13)
    at exports.useState (http://localhost:5180/node_modules/.vite/deps/react.js?v=b04538de:748:31)
    at Object.Content [as render] (http://localhost:5180/src/apps/people/PeopleApp.tsx?t=1784969103138:873:30)
    at AppFrame (http://localhost:5180/src/components/AppFrame.tsx?t=1784913862512:407:23)
    at Object.react_stack_bottom_frame (http://localhost:5180/node_modules/.vite/deps/react-dom_client.js?v=1b753d2f:12866:12)
    at renderWithHooks (http://localhost:5180/node_modules/.vite/deps/react-dom_client.js?v=1b753d2f:4213:19)
    at updateFunctionComponent (http://localhost:5180/node_modules/.vite/deps/react-dom_client.js?v=1b753d2f:5569:16)
    at beginWork (http://localhost:5180/node_modules/.vite/deps/react-dom_client.js?v=1b753d2f:6140:20) {"componentStack":"\n    at AppFrame (http://localhost:5180/src/components/AppFrame.tsx?t=1784913862512:27:28)\n    at PeopleApp (http://localhost:5180/src/apps/people/PeopleApp.tsx?t=1784969103138:1415:20)\n    at ErrorBoundary (http://localhost:5180/src/components/ErrorBoundary.tsx:8:3)\n    at div (<anonymous>)\n    at div (<anonymous>)\n    at div (<anonymous>)\n    at MotionDOMComponent (http://localhost:5180/node_modules/.vite/deps/motion_react.js?v=56dc7e67:10646:35)\n    at div (<anonymous>)\n    at WindowFrame (http://localhost:5180/src/components/WindowFrame.tsx:12:31)\n    at div (<anonymous>)\n    at PopChildMeasure (http://localhost:5180/node_modules/.vite/deps/motion_react.js?v=56dc7e67:9495:23)\n    at PopChild (http://localhost:5180/node_modules/.vite/deps/motion_react.js?v=56dc7e67:9522:21)\n    at PresenceChild (http://localhost:5180/node_modules/.vite/deps/motion_react.js?v=56dc7e67:9580:24)\n    at AnimatePresence (http://localhost:5180/node_modules/.vite/deps/motion_react.js?v=56dc7e67:9758:26)\n    at div (<anonymous>)\n    at div (<anonymous>)\n    at ViewportGuard (http://localhost:5180/src/components/ViewportGuard.tsx:8:33)\n    at Desktop (http://localhost:5180/src/components/Desktop.tsx:35:18)\n    at App (<anonymous>)"}
[2m5:04:18 AM[22m [31m[1m[vite][22m[39m [31m[2m(client)[22m[39m [2m[console.error] [22mReact has detected a change in the order of Hooks called by AppFrame. This will lead to bugs and errors if not fixed. For more information, read the Rules of Hooks: https://react.dev/link/rules-of-hooks

   Previous render            Next render
   ------------------------------------------------------
1. useState                   useState
2. useState                   useState
3. useState                   useState
4. useState                   useState
5. useRef                     useRef
6. useContext                 useContext
7. useCallback                useCallback
8. useCallback                useCallback
9. useSyncExternalStore       useSyncExternalStore
10. useDebugValue             useDebugValue
11. useCallback               useCallback
12. useCallback               useCallback
13. useSyncExternalStore      useSyncExternalStore
14. useDebugValue             useDebugValue
15. useEffect                 useEffect
16. useCallback               useCallback
17. useCallback               useCallback
18. useSyncExternalStore      useSyncExternalStore
19. useDebugValue             useDebugValue
20. useEffect                 useEffect
21. useCallback               useCallback
22. useCallback               useCallback
23. useSyncExternalStore      useSyncExternalStore
24. useDebugValue             useDebugValue
25. useCallback               useCallback
26. useCallback               useCallback
27. useSyncExternalStore      useSyncExternalStore
28. useDebugValue             useDebugValue
29. useEffect                 useEffect
30. useEffect                 useEffect
31. undefined                 useState
   ^^^^^^^^^^^^^^^^^^^^^^^^^^^^^^^^^^^^^^^^^^^^^^^^^^^^^^

[2m5:04:18 AM[22m [31m[1m[vite][22m[39m [31m[2m(client)[22m[39m [2m[console.error] [22mError: Rendered more hooks than during the previous render.
    at updateWorkInProgressHook (http://localhost:5180/node_modules/.vite/deps/react-dom_client.js?v=1b753d2f:4327:12)
    at updateReducer (http://localhost:5180/node_modules/.vite/deps/react-dom_client.js?v=1b753d2f:4418:29)
    at Object.useState (http://localhost:5180/node_modules/.vite/deps/react-dom_client.js?v=1b753d2f:13301:13)
    at exports.useState (http://localhost:5180/node_modules/.vite/deps/react.js?v=b04538de:748:31)
    at Object.Content [as render] (http://localhost:5180/src/apps/people/PeopleApp.tsx?t=1784969103138:873:30)
    at AppFrame (http://localhost:5180/src/components/AppFrame.tsx?t=1784913862512:407:23)
    at Object.react_stack_bottom_frame (http://localhost:5180/node_modules/.vite/deps/react-dom_client.js?v=1b753d2f:12866:12)
    at renderWithHooks (http://localhost:5180/node_modules/.vite/deps/react-dom_client.js?v=1b753d2f:4213:19)
    at updateFunctionComponent (http://localhost:5180/node_modules/.vite/deps/react-dom_client.js?v=1b753d2f:5569:16)
    at beginWork (http://localhost:5180/node_modules/.vite/deps/react-dom_client.js?v=1b753d2f:6140:20)

The above error occurred in the <AppFrame> component.

React will try to recreate this component tree from scratch using the error boundary you provided, ErrorBoundary.

[2m5:04:18 AM[22m [31m[1m[vite][22m[39m [31m[2m(client)[22m[39m [2m[console.error] [22mCitadelle app error: Error: Rendered more hooks than during the previous render.
    at updateWorkInProgressHook (http://localhost:5180/node_modules/.vite/deps/react-dom_client.js?v=1b753d2f:4327:12)
    at updateReducer (http://localhost:5180/node_modules/.vite/deps/react-dom_client.js?v=1b753d2f:4418:29)
    at Object.useState (http://localhost:5180/node_modules/.vite/deps/react-dom_client.js?v=1b753d2f:13301:13)
    at exports.useState (http://localhost:5180/node_modules/.vite/deps/react.js?v=b04538de:748:31)
    at Object.Content [as render] (http://localhost:5180/src/apps/people/PeopleApp.tsx?t=1784969103138:873:30)
    at AppFrame (http://localhost:5180/src/components/AppFrame.tsx?t=1784913862512:407:23)
    at Object.react_stack_bottom_frame (http://localhost:5180/node_modules/.vite/deps/react-dom_client.js?v=1b753d2f:12866:12)
    at renderWithHooks (http://localhost:5180/node_modules/.vite/deps/react-dom_client.js?v=1b753d2f:4213:19)
    at updateFunctionComponent (http://localhost:5180/node_modules/.vite/deps/react-dom_client.js?v=1b753d2f:5569:16)
    at beginWork (http://localhost:5180/node_modules/.vite/deps/react-dom_client.js?v=1b753d2f:6140:20) {"componentStack":"\n    at AppFrame (http://localhost:5180/src/components/AppFrame.tsx?t=1784913862512:27:28)\n    at PeopleApp (http://localhost:5180/src/apps/people/PeopleApp.tsx?t=1784969103138:1415:20)\n    at ErrorBoundary (http://localhost:5180/src/components/ErrorBoundary.tsx:8:3)\n    at div (<anonymous>)\n    at div (<anonymous>)\n    at div (<anonymous>)\n    at MotionDOMComponent (http://localhost:5180/node_modules/.vite/deps/motion_react.js?v=56dc7e67:10646:35)\n    at div (<anonymous>)\n    at WindowFrame (http://localhost:5180/src/components/WindowFrame.tsx:12:31)\n    at div (<anonymous>)\n    at PopChildMeasure (http://localhost:5180/node_modules/.vite/deps/motion_react.js?v=56dc7e67:9495:23)\n    at PopChild (http://localhost:5180/node_modules/.vite/deps/motion_react.js?v=56dc7e67:9522:21)\n    at PresenceChild (http://localhost:5180/node_modules/.vite/deps/motion_react.js?v=56dc7e67:9580:24)\n    at AnimatePresence (http://localhost:5180/node_modules/.vite/deps/motion_react.js?v=56dc7e67:9758:26)\n    at div (<anonymous>)\n    at div (<anonymous>)\n    at ViewportGuard (http://localhost:5180/src/components/ViewportGuard.tsx:8:33)\n    at Desktop (http://localhost:5180/src/components/Desktop.tsx:35:18)\n    at App (<anonymous>)"}
[2m5:17:30 AM[22m [36m[1m[vite][22m[39m [90m[2m(client)[22m[39m [32mhmr update [39m[2m/src/index.css, /src/components/AppFrame.tsx[22m
[2m5:18:12 AM[22m [36m[1m[vite][22m[39m [90m[2m(client)[22m[39m [32mhmr update [39m[2m/src/index.css, /src/components/AppFrame.tsx[22m
[2m5:18:13 AM[22m [36m[1m[vite][22m[39m [90m[2m(client)[22m[39m [32mhmr update [39m[2m/src/index.css, /src/components/AppFrame.tsx[22m
[2m5:18:51 AM[22m [36m[1m[vite][22m[39m [90m[2m(client)[22m[39m [32mhmr update [39m[2m/src/apps/people/PeopleApp.tsx, /src/index.css[22m
[2m6:58:38 AM[22m [36m[1m[vite][22m[39m [90m[2m(client)[22m[39m [32mhmr update [39m[2m/src/index.css, /src/components/AppFrame.tsx[22m
[2m6:59:57 AM[22m [36m[1m[vite][22m[39m [90m[2m(client)[22m[39m [32mhmr update [39m[2m/src/index.css, /src/components/AppFrame.tsx[22m
[2m7:00:26 AM[22m [36m[1m[vite][22m[39m [90m[2m(client)[22m[39m [32mhmr update [39m[2m/src/apps/people/PeopleApp.tsx, /src/index.css[22m
[2m8:44:20 AM[22m [36m[1m[vite][22m[39m [90m[2m(client)[22m[39m [32mhmr update [39m[2m/src/apps/people/PeopleApp.tsx, /src/index.css[22m
[2m8:45:27 AM[22m [36m[1m[vite][22m[39m [90m[2m(client)[22m[39m [32mhmr update [39m[2m/src/apps/people/PeopleApp.tsx, /src/index.css[22m
[2m8:46:07 AM[22m [36m[1m[vite][22m[39m [90m[2m(client)[22m[39m [32mhmr update [39m[2m/src/apps/people/PeopleApp.tsx, /src/index.css[22m
[2m8:47:31 AM[22m [36m[1m[vite][22m[39m [90m[2m(client)[22m[39m [32mhmr update [39m[2m/src/apps/people/PeopleApp.tsx, /src/index.css[22m
[2m8:48:39 AM[22m [36m[1m[vite][22m[39m [90m[2m(client)[22m[39m [32mhmr update [39m[2m/src/apps/people/PeopleApp.tsx, /src/index.css[22m
[2m8:49:28 AM[22m [36m[1m[vite][22m[39m [90m[2m(client)[22m[39m [32mhmr update [39m[2m/src/apps/people/PeopleApp.tsx, /src/index.css[22m
[2m8:50:34 AM[22m [36m[1m[vite][22m[39m [90m[2m(client)[22m[39m [32mhmr update [39m[2m/src/index.css, /src/apps/welcome/WelcomeApp.tsx[22m
[2m8:53:12 AM[22m [36m[1m[vite][22m[39m [90m[2m(client)[22m[39m [32mhmr update [39m[2m/src/apps/welcome/WelcomeApp.tsx, /src/index.css[22m
[2m8:56:00 AM[22m [36m[1m[vite][22m[39m [90m[2m(client)[22m[39m [32mhmr update [39m[2m/src/index.css, /src/components/TopBar.tsx[22m
[2m8:56:35 AM[22m [36m[1m[vite][22m[39m [90m[2m(client)[22m[39m [32mhmr update [39m[2m/src/index.css, /src/apps/welcome/landing/Blocks.tsx[22m
[2m8:58:23 AM[22m [36m[1m[vite][22m[39m [90m[2m(client)[22m[39m [32mhmr update [39m[2m/src/index.css, /src/components/TopBar.tsx[22m
[2m8:58:23 AM[22m [36m[1m[vite][22m[39m [90m[2m(client)[22m[39m [32mhmr update [39m[2m/src/index.css, /src/components/TopBar.tsx[22m
[2m8:58:30 AM[22m [36m[1m[vite][22m[39m [90m[2m(client)[22m[39m [32mhmr update [39m[2m/src/index.css, /src/apps/welcome/landing/Blocks.tsx[22m
[2m9:02:58 AM[22m [36m[1m[vite][22m[39m [90m[2m(client)[22m[39m [32mhmr update [39m[2m/src/apps/welcome/WelcomeApp.tsx, /src/index.css[22m
