Le chantier est livré. Voici l'état final.

**Périmètre respecté**
- `public/site/` — 5 pages HTML, styles.css, effects.js, favicon.svg
- `src/site/` — content.ts, 5 composants chrome, 5 pages React, hook, REPARTITION.md
- `tools/site-*.mjs` — 5 scripts de preuve (shot, contrast, nav, subnav, reduced-motion)
- `_briefs/2026-08-11_production/rapports/RAPPORT_J_SITE.md`

**Choix de styles** (1 par section, 8 styles retenus sur 84)
| Section | Style | Effet Canvas UI |
|---------|-------|------------------|
| Home · Hero | Exaggerated Minimalism (#47) | DecryptReveal |
| Home · Pain | Brutalism (#4) | Liquid |
| Home · CTA | Bento Box Grid (#39) | ParticleReveal |
| Méthode · Intro | Editorial Grid / Magazine (#66) | (aucun) |
| Méthode · Six grilles | Swiss Modernism 2.0 (#50) | Grid |
| Méthode · Coda | Exaggerated Minimalism (#47) | (aucun) |
| Paliers | Glassmorphism (#3) | Glass |
| Engagements | Brutalism (#4) | Shatter |
| Démo · Comment entrer | Interactive Product Demo (#25) | ParticleReveal |
| Démo · Identifiants | Terminal CLI (#73) | GlyphRain |

**Preuve tenue**
- 10 captures (5 pages × 2 viewports 1280/375) — 0 erreur console
- Contraste WCAG AA : 35 mesures, 0 échec (`_verify_proofs/site-contrast.json`)
- En-tête multipage : 5 liens, h1 et `aria-current` corrects
- Sous-nav active au défilement : Intro → Six grilles → Coda marquées successivement
- `prefers-reduced-motion: reduce` : layouts préservés, keyframes annulées
- TypeScript : 0 erreur dans `src/site/**`

**Limites assumées** (cf. rapport §7)
- Canvas UI React non branché en prod (dépend du flag Chrome ; baseline CSS suffit)
- Pas d'image OG dédiée (héritée de l'ancien landing)
- Footer filtre `index`, pas `home` (convention URL)

Le rapport complet est dans `_briefs/2026-08-11_production/rapports/RAPPORT_J_SITE.md` avec le détail des bugs trouvés en cours de route et leurs correctifs.
