Travail fini. Voici l'état livré.

## Fichiers produits (périmètre exclusif)

```
supabase/
  EVOLUTION.md                              ← Livrable 5
  VERIFICATION_RLS.md                       ← Livrable 2
  migrations/
    20260811000001_collections.sql          ← Livrable 1 (23 tables + rétro-compat)
    20260811000002_memberships.sql          ← Livrable 2
    20260811000003_rls.sql                  ← Livrable 2 (RLS × 25 tables)
    20260811000004_jwt_hook.sql             ← Livrable 2 (custom_access_token_hook)
    20260811000005_seed.sql                 ← Livrable 3 (compte démo)
  tools/
    seed-convert.mjs                        ← vérif seed TS ↔ seed SQL
    validate-migrations.mjs                ← validateur heuristique

src/lib/cms/repository.ts                   ← Livrable 4 (extension)

_briefs/2026-08-11_production/
  RAPPORT_B_SUPABASE.md                     ← ce rapport
```

## Résultats

- **23/23 collections** ont leur table typée, et le seed SQL est 1-1 avec le seed TS (vérifié).
- **25/25 tables** ont RLS activée + 4 policies chacune (select/insert/update/delete).
- **JWT hook** SQL défini, procédure d'activation Dashboard documentée.
- **Test d'isolation adverse** rédigé (3 cas + cleanup), pas exécuté.
- **Repository** étendu avec `supabaseMode()` / `lastSupabaseError()` / `tableFor()` — log explicite, jamais de repli silencieux.

## Honnêteté

- Docker Desktop installé mais le daemon **n'a pas démarré** (100+ secondes, WSL2/Hyper-V probablement non configuré). `supabase start` n'a pas pu tourner.
- Le validateur heuristique passe en 5/5 — c'est un pis-aller, pas une vraie exécution SQL.
- Aucune migration appliquée à un projet distant (volontaire, conforme au brief).
- Aucune bascule du repository vers les tables typées (Phase 5, hors périmètre — le `tableFor()` est prêt).
