=== A : BRIEF_A_AVATAR.md — demarre 02:40:34 ===
=== B : BRIEF_B_SUPABASE.md — demarre 02:43:04 ===
=== C : BRIEF_C_AI_NATIVE.md — demarre 02:45:34 ===
=== A : termine 03:07:36 (exit 0) ===
=== B : termine 03:13:38 (exit 0) ===
=== C : termine 03:24:30 (exit 0) ===
=== D : BRIEF_D_AUTH.md — demarre 03:26:17 ===
=== E : BRIEF_E_LANDING.md — demarre 03:28:48 ===
=== F : BRIEF_F_LEGAL.md — demarre 03:31:19 ===
=== F : termine 03:45:29 (exit 0) ===
=== D : termine 04:02:50 (exit 0) ===
=== H : BRIEF_H_RLS.md — demarre 04:09:56 ===
=== E : termine 04:16:32 (exit 0) ===
=== G : BRIEF_G_ONBOARDING.md — demarre 04:17:42 ===
=== H : termine 04:27:41 (exit 0) ===
=== I : BRIEF_I_LANDING_V2.md — demarre 04:31:44 ===
=== J : BRIEF_J_SITE.md — demarre 05:05:09 ===
=== G : termine 05:37:57 (exit 0) ===
=== J : termine 05:49:26 (exit 0) ===
=== K : BRIEF_K_SITE_RENDU.md — demarre 06:00:20 ===
=== L : BRIEF_L_CONFORMITE_ACCUEIL.md — demarre 06:12:26 ===
=== K : termine 06:16:08 (exit 0) ===
=== L : termine 06:37:15 (exit 0) ===
=== M : BRIEF_M_AUDIT.md — demarre 06:37:42 ===
=== M : termine 06:48:11 (exit 0) ===
=== N : BRIEF_N_COGNITION.md — demarre 08:01:51 ===
=== N : termine 08:16:49 (exit 0) ===
=== O : BRIEF_O_SIDEBAR.md — demarre 15:21:02 ===
=== O : termine 15:39:04 (exit 0) ===
=== P : BRIEF_P_PALIERS_ENGAGEMENTS.md — demarre 15:55:26 ===
=== P : termine 16:28:11 (exit 0) ===
=== Q : BRIEF_Q_ACCUEIL_ARRONDI.md — demarre 16:53:29 ===
=== Q : termine 17:26:24 (exit 0) ===
=== R : BRIEF_R_METHODE.md — demarre 17:27:06 ===
=== R : termine 17:41:32 (exit 0) ===
=== S : BRIEF_S_PALIERS_REGISTRES.md — demarre 17:56:57 ===
=== T : BRIEF_T_ENGAGEMENTS_REGISTRES.md — demarre 17:59:57 ===
=== S : termine 18:21:03 (exit 0) ===
=== T : termine 18:30:00 (exit 0) ===
=== U : BRIEF_U_STORY4_ONTOLOGIE.md — demarre 02:24:37 ===
=== V : BRIEF_V_CARTOGRAPHIE_GEORDI.md — demarre 02:27:38 ===
=== V : termine 02:56:49 (exit 0) ===
=== W : BRIEF_W_GEORDI_INTEGRAL.md — demarre 03:00:20 ===
=== W : termine 03:33:30 (exit 0) ===
