Brief X executed. Five Canvas UI components read on the official docs, five `-vanilla.json` registries downloaded with byte-exact sizes via `curl`, two deliverables written: `RAPPORT_X_CANVAS_FONDS.md` (narrative) and `canvas_fonds.json` (structured fiches), plus a `registre_canvas/` folder as proof.

**Headline finding**: the brief's central hypothesis — bijection composant→page — is incompatible with the existing `BARRE.md §4.1` rule. All five components wrap content (source canvas → output canvas) and turn text into a WebGL texture; none can sit on the planned text-rich pages without violating §4.1. Drapeau answer is uniform (`true` for all five, via Chrome origin trial rather than the named flag, which the per-component pages never cite — only the `/docs` intro does). Coexistence on one page: undocumented, plus `Bend` has a global `patchHoverRules()` that none of the others mention.

**Recommendation**: defer the fond/page assignment until the text pages are rezoned into "decor-admissible / text-protected" regions — otherwise the choice here is a choice to break §4.1 on the page it lands on.
cinq, *via* origin trial sur le domaine de production.
- Repli : verbatim officiel unique sur `/docs` — *« Components detect support at runtime and degrade gracefully: without it, your content renders as normal HTML and the parts of the effect that can still run, still do. »*
- Token / licence : aucun. Code injecte via shadcn, « you own the code ».

**Conflit avec BARRE.md §4.1 — conclusion dure**
- Les cinq composants utilisent `BendElements = { source: HTMLCanvasElement, content: HTMLElement, output: HTMLCanvasElement }` et enveloppent le contenu dans le source canvas : le rendu visible passe par WebGL, le texte devient texture.
- Accueil / Methode / Paliers / Engagements / Demo : toutes des pages ou §4.1 l'interdit. **Aucun des cinq ne peut etre deploye sans violer §4.1**, sauf rezonage des pages.
- Particle Scroll : en plus, `uHasContent = htmlInCanvas ? 1 : 0` — sans html-in-canvas, la dissolution n'a meme pas de texture a dissoudre.
- Glyph Rain : defaut `dim: 0.5` ; laisser dim=0 desactive presque tout l'effet visible.

**Question de la cohabitation (la question qui vaut plus que les cinq fiches)**
- La doc ne le dit pas. Zero exemple, zero avertissement sur l'une des cinq pages ou sur `/docs`.
- Bend a une particularite interne : `patchHoverRules()` modifie au niveau du document toutes les `CSSStyleRule` contenant `:hover`, en injectant un attribut `data-canvasui-hover`. Couplage global non documente.
- Conclusion : pas de fusion possible sans reimplementation (un « Stack » qui factorise `supportsHtmlInCanvas()` n'existe pas dans le registre).

**Trois questions que la doc ne tranche pas**
1. Coexistence de deux effets sur une meme page
2. Cout operationnel d'un effet sur GPU lent (aucun budget de fps documente)
3. Comportement combine `prefers-reduced-motion` + html-in-canvas indisponible

**Observation hors perimetre**
- `public/site/effects.js` toujours present, 536 lignes (le brief en disait 533). La phrase du brief « tout a fallu tout arracher » est vraie pour la bibliotheque Canvas UI (jamais installee, aucun `node_modules/canvasui`, aucun import dans `src/**`) ; elle ne l'est pas pour le fichier manuel. Non modifie.

**Recommandation finale** : differer le choix composant/page tant que le zoning texte n'a pas ete refait en « zones decor admissible / rectangles de texte proteges ». Sinon, choisir ici equivaut a choisir de violer §4.1 sur la page d'arrivee.
