
Rail-side · site /site/ · base http://127.0.0.1:5173
  Largeur rail à 1440px  :
    home         240 px  ✓ (cible 240)
    methode      240 px  ✓ (cible 240)
    paliers      240 px  ✓ (cible 240)
    engagements  240 px  ✓ (cible 240)
    demo         240 px  ✓ (cible 240)
  Rail horizontal à 900px :
    home         900×61.25  ✓
    methode      900×61.25  ✓
    paliers      900×61.25  ✓
    engagements  900×61.25  ✓
    demo         900×61.25  ✓
  Sections hors rail (1440) :
    home         ✓
    methode      ✓
    paliers      ✓
    engagements  ✓
    demo         ✓
  Hero (index.html) :
    fx intersect titre : non
    fx intersect lead  : non
    mask radial        : non
    mask linear        : non
    titre dans bande   : n/a
    contraste titre    : 18.93 ✓
    contraste lead     : 16.64 ✓
    verdict hero       : ✓
  Erreurs console (total) : 0 ✓

Verdict par seuil :
  ✓ rail
  ✓ mainOffset
  ✓ sectionsClear
  ✓ mobile
  ✓ hero
  ✓ console

Tous les seuils sont atteints.
Captures : C:\Users\amado\AppData\Local\Temp\rail
Rapport  : _verify_proofs/site-rail.json
