
Non-régression · node tools/site-rail.mjs …

Sections · /paliers + /engagements · base http://127.0.0.1:5173
  paliers
    w1440 sections ✓ offre✓ poc✓ saas✓ marque-blanche✓ souverainete✓ sortie✓
    w900 sections ✓ offre✓ poc✓ saas✓ marque-blanche✓ souverainete✓ sortie✓
    w390 sections ✓ offre✓ poc✓ saas✓ marque-blanche✓ souverainete✓ sortie✓
  engagements
    w1440 sections ✓ objections✓ refus-01✓ refus-02✓ refus-03✓ refus-04✓ tests✓
    w900 sections ✓ objections✓ refus-01✓ refus-02✓ refus-03✓ refus-04✓ tests✓
    w390 sections ✓ objections✓ refus-01✓ refus-02✓ refus-03✓ refus-04✓ tests✓
  Ancres résolvent + scrollent :
    paliers
      w1440 ✓ (5/5)
      w900 ✓ (5/5)
      w390 ✓ (5/5)
    engagements
      w1440 ✓ (6/6)
      w900 ✓ (6/6)
      w390 ✓ (6/6)
  Aucun violet/magenta :
    paliers      ✓
    engagements  ✓
  Contraste (échantillons + min) :
    paliers
      w1440 min 6.38 ✓
      w900 min 6.38 ✓
      w390 min 6.38 ✓
    engagements
      w1440 min 8.48 ✓
      w900 min 8.48 ✓
      w390 min 8.48 ✓
  Densité (caractères par section, cible > 400) :
    paliers      ✓
    engagements  ✓
  site-rail.mjs : exit 0 ✓
  Erreurs console (total) : 0 ✓
  Requêtes échouées (total) : 0 ✓

Verdict par seuil :
  ✓ sixSections
  ✓ anchors
  ✓ noPurple
  ✓ contrast
  ✓ density
  ✓ siteRail
  ✓ console

Tous les seuils sont atteints.
Captures : C:\Users\amado\AppData\Local\Temp\sections-paliers-engagements
Rapport  : _verify_proofs/site-sections.json
